{
    "require": {
        "php": "^7.4",
        "ext-json": "*",
        "barryvdh/laravel-dompdf": "^0.8.2",
        "doctrine/dbal": "^2.9",
        "fideloper/proxy": "^4.0",
        "fruitcake/laravel-cors": "^1.0",
        "laravel/framework": "^7.0",
        "laravel/horizon": "^4.0",
        "laravel/slack-notification-channel": "^2.0",
        "laravel/tinker": "^2.0",
        "laravel/ui": "^2.1",
        "pbmedia/laravel-webdav": "^1.5",
        "predis/predis": "^1.1"
    },
    "require-dev": {
        "barryvdh/laravel-debugbar": "^3.3",
        "beyondcode/laravel-dump-server": "^1.2",
        "facade/ignition": "^2.0",
        "fzaninotto/faker": "^1.4",
        "mockery/mockery": "^1.0",
        "nunomaduro/collision": "^4.1",
        "nunomaduro/larastan": "^0.6.1",
        "php-parallel-lint/php-var-dump-check": "^0.4.0",
        "phpunit/phpunit": "^8.5"
    },
    "autoload": {
        "files": [
            "app/Support/helpers.php"
        ],
        "psr-4": {
            "App\\": "app/",
            "Database\\Factories\\": "database/factories/",
            "Database\\Seeder\\": "database/seeders/"
        }
    },
    "autoload-dev": {
        "psr-4": {
            "Tests\\": "tests/"
        }
    },
    "extra": {
        "laravel": {
            "dont-discover": []
        }
    },
    "scripts": {
        "post-root-package-install": [
            "@php -r \"file_exists('.env') || copy('.env.example', '.env');\""
        ],
        "post-create-project-cmd": [
            "@php artisan key:generate"
        ],
        "post-autoload-dump": [
            "Illuminate\\Foundation\\ComposerScripts::postAutoloadDump",
            "@php artisan package:discover"
        ],
        "test": [
            "vendor/bin/phpunit --testdox --stop-on-failure"
        ]
    },
    "config": {
        "preferred-install": "dist",
        "sort-packages": true,
        "optimize-autoloader": true
    },
    "minimum-stability": "dev",
    "prefer-stable": true
}